ERROR: 2011-08-31T20:24:24.655027 - default - logTest - - log - socket initialized to 'jmmc.obs.ujf-grenoble.fr'
ttttttttttttttttttttttttttttttttttttttttttttttttttttttttttttttt
File logging switched OFF
Stdout logging switched OFF
ttttttttttttttttttttttttttttttttttttttttttttttttttttttttttttttt
###############################################################
Testing File Logging
###############################################################
*** File logging verbosity level is : 0
*** File logging verbosity level is : 1
*** File logging verbosity level is : 2
*** File logging verbosity level is : 3
*** File logging verbosity level is : 4
*** File logging verbosity level is : 5
###############################################################
Testing Stdout Logging
###############################################################
*** Stdout logging verbosity level is : 0
*** Stdout logging verbosity level is : 1
*** Stdout logging verbosity level is : 2
*** Stdout logging verbosity level is : 3
*** Stdout logging verbosity level is : 4
*** Stdout logging verbosity level is : 5
ttttttttttttttttttttttttttttttttttttttttttttttttttttttttttttttt
File logging switched ON
Stdout logging switched OFF
ttttttttttttttttttttttttttttttttttttttttttttttttttttttttttttttt
###############################################################
Testing File Logging
###############################################################
*** File logging verbosity level is : 0
*** File logging verbosity level is : 1
*** File logging verbosity level is : 2
*** File logging verbosity level is : 3
*** File logging verbosity level is : 4
*** File logging verbosity level is : 5
###############################################################
Testing Stdout Logging
###############################################################
*** Stdout logging verbosity level is : 0
*** Stdout logging verbosity level is : 1
*** Stdout logging verbosity level is : 2
*** Stdout logging verbosity level is : 3
*** Stdout logging verbosity level is : 4
*** Stdout logging verbosity level is : 5
ttttttttttttttttttttttttttttttttttttttttttttttttttttttttttttttt
File logging switched ON
Stdout logging switched ON
ttttttttttttttttttttttttttttttttttttttttttttttttttttttttttttttt
###############################################################
Testing File Logging
###############################################################
*** File logging verbosity level is : 0
*** File logging verbosity level is : 1
*** File logging verbosity level is : 2
*** File logging verbosity level is : 3
*** File logging verbosity level is : 4
*** File logging verbosity level is : 5
###############################################################
Testing Stdout Logging
###############################################################
*** Stdout logging verbosity level is : 0
*** Stdout logging verbosity level is : 1
logTest -    log - Warn  - 2011-08-31T20:24:24.656465 - logTest.c:26 - logging warning
*** Stdout logging verbosity level is : 2
logTest -    log - Warn  - 2011-08-31T20:24:24.656583 - logTest.c:26 - logging warning
logTest -    log - Info  - 2011-08-31T20:24:24.656611 - logTest.c:27 - logging info
*** Stdout logging verbosity level is : 3
logTest -    log - Warn  - 2011-08-31T20:24:24.656718 - logTest.c:26 - logging warning
logTest -    log - Info  - 2011-08-31T20:24:24.656747 - logTest.c:27 - logging info
logTest -    log - Test  - 2011-08-31T20:24:24.656778 - logTest.c:28 - logging test
*** Stdout logging verbosity level is : 4
logTest -    log - Warn  - 2011-08-31T20:24:24.656852 - logTest.c:26 - logging warning
logTest -    log - Info  - 2011-08-31T20:24:24.656880 - logTest.c:27 - logging info
logTest -    log - Test  - 2011-08-31T20:24:24.656910 - logTest.c:28 - logging test
logTest -    log - Debug - 2011-08-31T20:24:24.656941 - logTest.c:29 - logging debug
*** Stdout logging verbosity level is : 5
logTest -    log - Warn  - 2011-08-31T20:24:24.656995 - logTest.c:26 - logging warning
logTest -    log - Info  - 2011-08-31T20:24:24.657022 - logTest.c:27 - logging info
logTest -    log - Test  - 2011-08-31T20:24:24.657053 - logTest.c:28 - logging test
logTest -    log - Debug - 2011-08-31T20:24:24.657094 - logTest.c:29 - logging debug
logTest -    log - Trace - 2011-08-31T20:24:24.657128 - logTest.c:30 - logging trace
logTest -    log - Trace - 2011-08-31T20:24:24.657159 - logTest.c:110 - EXIT_FUNC test1
logTest -    log - Trace - 2011-08-31T20:24:24.657189 - logTest.c:79 - ENTER_FUNC test1
ttttttttttttttttttttttttttttttttttttttttttttttttttttttttttttttt
File logging switched OFF
Stdout logging switched ON
ttttttttttttttttttttttttttttttttttttttttttttttttttttttttttttttt
###############################################################
Testing File Logging
###############################################################
*** File logging verbosity level is : 0
*** File logging verbosity level is : 1
*** File logging verbosity level is : 2
*** File logging verbosity level is : 3
*** File logging verbosity level is : 4
*** File logging verbosity level is : 5
###############################################################
Testing Stdout Logging
###############################################################
*** Stdout logging verbosity level is : 0
*** Stdout logging verbosity level is : 1
logTest -    log - Warn  - 2011-08-31T20:24:24.657225 - logTest.c:26 - logging warning
*** Stdout logging verbosity level is : 2
logTest -    log - Warn  - 2011-08-31T20:24:24.657239 - logTest.c:26 - logging warning
logTest -    log - Info  - 2011-08-31T20:24:24.657249 - logTest.c:27 - logging info
*** Stdout logging verbosity level is : 3
logTest -    log - Warn  - 2011-08-31T20:24:24.657261 - logTest.c:26 - logging warning
logTest -    log - Info  - 2011-08-31T20:24:24.657271 - logTest.c:27 - logging info
logTest -    log - Test  - 2011-08-31T20:24:24.657281 - logTest.c:28 - logging test
*** Stdout logging verbosity level is : 4
logTest -    log - Warn  - 2011-08-31T20:24:24.657292 - logTest.c:26 - logging warning
logTest -    log - Info  - 2011-08-31T20:24:24.657302 - logTest.c:27 - logging info
logTest -    log - Test  - 2011-08-31T20:24:24.657312 - logTest.c:28 - logging test
logTest -    log - Debug - 2011-08-31T20:24:24.657322 - logTest.c:29 - logging debug
*** Stdout logging verbosity level is : 5
logTest -    log - Warn  - 2011-08-31T20:24:24.657334 - logTest.c:26 - logging warning
logTest -    log - Info  - 2011-08-31T20:24:24.657344 - logTest.c:27 - logging info
logTest -    log - Test  - 2011-08-31T20:24:24.657354 - logTest.c:28 - logging test
logTest -    log - Debug - 2011-08-31T20:24:24.657364 - logTest.c:29 - logging debug
logTest -    log - Trace - 2011-08-31T20:24:24.657374 - logTest.c:30 - logging trace
logTest -    log - Trace - 2011-08-31T20:24:24.657384 - logTest.c:110 - EXIT_FUNC test1
ttttttttttttttttttttttttttttttttttttttttttttttttttttttttttttttt
Accept log messages from 'mcs' module only 
ttttttttttttttttttttttttttttttttttttttttttttttttttttttttttttttt
ttttttttttttttttttttttttttttttttttttttttttttttttttttttttttttttt
File logging switched OFF
Stdout logging switched ON
ttttttttttttttttttttttttttttttttttttttttttttttttttttttttttttttt
###############################################################
Testing File Logging
###############################################################
*** File logging verbosity level is : 0
*** File logging verbosity level is : 1
*** File logging verbosity level is : 2
*** File logging verbosity level is : 3
*** File logging verbosity level is : 4
*** File logging verbosity level is : 5
###############################################################
Testing Stdout Logging
###############################################################
*** Stdout logging verbosity level is : 0
*** Stdout logging verbosity level is : 1
*** Stdout logging verbosity level is : 2
*** Stdout logging verbosity level is : 3
*** Stdout logging verbosity level is : 4
*** Stdout logging verbosity level is : 5
ttttttttttttttttttttttttttttttttttttttttttttttttttttttttttttttt
Clear list of allowed modules. All modules can log messages!!
ttttttttttttttttttttttttttttttttttttttttttttttttttttttttttttttt
logTest -    log - Trace - 2011-08-31T20:24:24.657468 - logTest.c:79 - ENTER_FUNC test1
ttttttttttttttttttttttttttttttttttttttttttttttttttttttttttttttt
File logging switched OFF
Stdout logging switched ON
ttttttttttttttttttttttttttttttttttttttttttttttttttttttttttttttt
###############################################################
Testing File Logging
###############################################################
*** File logging verbosity level is : 0
*** File logging verbosity level is : 1
*** File logging verbosity level is : 2
*** File logging verbosity level is : 3
*** File logging verbosity level is : 4
*** File logging verbosity level is : 5
###############################################################
Testing Stdout Logging
###############################################################
*** Stdout logging verbosity level is : 0
*** Stdout logging verbosity level is : 1
logTest -    log - Warn  - 2011-08-31T20:24:24.657494 - logTest.c:26 - logging warning
*** Stdout logging verbosity level is : 2
logTest -    log - Warn  - 2011-08-31T20:24:24.657506 - logTest.c:26 - logging warning
logTest -    log - Info  - 2011-08-31T20:24:24.657517 - logTest.c:27 - logging info
*** Stdout logging verbosity level is : 3
logTest -    log - Warn  - 2011-08-31T20:24:24.657528 - logTest.c:26 - logging warning
logTest -    log - Info  - 2011-08-31T20:24:24.657538 - logTest.c:27 - logging info
logTest -    log - Test  - 2011-08-31T20:24:24.657548 - logTest.c:28 - logging test
*** Stdout logging verbosity level is : 4
logTest -    log - Warn  - 2011-08-31T20:24:24.657559 - logTest.c:26 - logging warning
logTest -    log - Info  - 2011-08-31T20:24:24.657569 - logTest.c:27 - logging info
logTest -    log - Test  - 2011-08-31T20:24:24.657579 - logTest.c:28 - logging test
logTest -    log - Debug - 2011-08-31T20:24:24.657589 - logTest.c:29 - logging debug
*** Stdout logging verbosity level is : 5
logTest -    log - Warn  - 2011-08-31T20:24:24.657600 - logTest.c:26 - logging warning
logTest -    log - Info  - 2011-08-31T20:24:24.657610 - logTest.c:27 - logging info
logTest -    log - Test  - 2011-08-31T20:24:24.657621 - logTest.c:28 - logging test
logTest -    log - Debug - 2011-08-31T20:24:24.657631 - logTest.c:29 - logging debug
logTest -    log - Trace - 2011-08-31T20:24:24.657641 - logTest.c:30 - logging trace
logTest -    log - Trace - 2011-08-31T20:24:24.657651 - logTest.c:110 - EXIT_FUNC test1
logTest -    log - Test  - 2011-08-31T20:24:24.657662 - logTest.c:116 - ENTER_FUNC testNoFileLineOrDate
logTest -    log - Test  - 2011-08-31T20:24:24.657674 - FileLine must not appear (FileLine mode is 'OFF')
logTest -    log - Test  - 2011-08-31T20:24:24.657686 - logTest.c:122 - FileLine must appear (FileLine mode is 'ON')
logTest -    log - Test  - logTest.c:125 - Date must not appear (Date mode is 'OFF')
logTest -    log - Test  - 2011-08-31T20:24:24.657709 - logTest.c:128 - Date must appear (Date mode is 'ON')
logTest -    log - Test  - 2011-08-31T20:24:24.657719 - logTest.c:130 - EXIT_FUNC testNoFileLineOrDate
