ttttttttttttttttttttttttttttttttttttttttttttttttttttttttttttttt
File logging switched OFF
Stdout logging switched OFF
ttttttttttttttttttttttttttttttttttttttttttttttttttttttttttttttt
###############################################################
Testing File Logging
###############################################################
*** File logging verbosity level is : 0
*** File logging verbosity level is : 1
*** File logging verbosity level is : 2
*** File logging verbosity level is : 3
*** File logging verbosity level is : 4
*** File logging verbosity level is : 5
###############################################################
Testing Stdout Logging
###############################################################
*** Stdout logging verbosity level is : 0
*** Stdout logging verbosity level is : 1
*** Stdout logging verbosity level is : 2
*** Stdout logging verbosity level is : 3
*** Stdout logging verbosity level is : 4
*** Stdout logging verbosity level is : 5
ttttttttttttttttttttttttttttttttttttttttttttttttttttttttttttttt
File logging switched ON
Stdout logging switched OFF
ttttttttttttttttttttttttttttttttttttttttttttttttttttttttttttttt
###############################################################
Testing File Logging
###############################################################
*** File logging verbosity level is : 0
*** File logging verbosity level is : 1
*** File logging verbosity level is : 2
*** File logging verbosity level is : 3
*** File logging verbosity level is : 4
*** File logging verbosity level is : 5
###############################################################
Testing Stdout Logging
###############################################################
*** Stdout logging verbosity level is : 0
*** Stdout logging verbosity level is : 1
*** Stdout logging verbosity level is : 2
*** Stdout logging verbosity level is : 3
*** Stdout logging verbosity level is : 4
*** Stdout logging verbosity level is : 5
ttttttttttttttttttttttttttttttttttttttttttttttttttttttttttttttt
File logging switched ON
Stdout logging switched ON
ttttttttttttttttttttttttttttttttttttttttttttttttttttttttttttttt
###############################################################
Testing File Logging
###############################################################
*** File logging verbosity level is : 0
*** File logging verbosity level is : 1
*** File logging verbosity level is : 2
*** File logging verbosity level is : 3
*** File logging verbosity level is : 4
*** File logging verbosity level is : 5
###############################################################
Testing Stdout Logging
###############################################################
*** Stdout logging verbosity level is : 0
*** Stdout logging verbosity level is : 1
logTest - log - 2011-05-30T14:05:07.364936 - logTest.c:26 - logging warning
*** Stdout logging verbosity level is : 2
logTest - log - 2011-05-30T14:05:07.365019 - logTest.c:26 - logging warning
logTest - log - 2011-05-30T14:05:07.365036 - logTest.c:27 - logging info
*** Stdout logging verbosity level is : 3
logTest - log - 2011-05-30T14:05:07.365086 - logTest.c:26 - logging warning
logTest - log - 2011-05-30T14:05:07.365103 - logTest.c:27 - logging info
logTest - log - 2011-05-30T14:05:07.365120 - logTest.c:28 - logging test
*** Stdout logging verbosity level is : 4
logTest - log - 2011-05-30T14:05:07.365160 - logTest.c:26 - logging warning
logTest - log - 2011-05-30T14:05:07.365176 - logTest.c:27 - logging info
logTest - log - 2011-05-30T14:05:07.365194 - logTest.c:28 - logging test
logTest - log - 2011-05-30T14:05:07.365212 - logTest.c:29 - logging debug
*** Stdout logging verbosity level is : 5
logTest - log - 2011-05-30T14:05:07.365242 - logTest.c:26 - logging warning
logTest - log - 2011-05-30T14:05:07.365259 - logTest.c:27 - logging info
logTest - log - 2011-05-30T14:05:07.365276 - logTest.c:28 - logging test
logTest - log - 2011-05-30T14:05:07.365294 - logTest.c:29 - logging debug
logTest - log - 2011-05-30T14:05:07.365311 - logTest.c:30 - logging trace
logTest - log - 2011-05-30T14:05:07.365329 - logTest.c:110 - EXIT_FUNC test1
logTest - log - 2011-05-30T14:05:07.365352 - logTest.c:79 - ENTER_FUNC test1
ttttttttttttttttttttttttttttttttttttttttttttttttttttttttttttttt
File logging switched OFF
Stdout logging switched ON
ttttttttttttttttttttttttttttttttttttttttttttttttttttttttttttttt
###############################################################
Testing File Logging
###############################################################
*** File logging verbosity level is : 0
*** File logging verbosity level is : 1
*** File logging verbosity level is : 2
*** File logging verbosity level is : 3
*** File logging verbosity level is : 4
*** File logging verbosity level is : 5
###############################################################
Testing Stdout Logging
###############################################################
*** Stdout logging verbosity level is : 0
*** Stdout logging verbosity level is : 1
logTest - log - 2011-05-30T14:05:07.365373 - logTest.c:26 - logging warning
*** Stdout logging verbosity level is : 2
logTest - log - 2011-05-30T14:05:07.365381 - logTest.c:26 - logging warning
logTest - log - 2011-05-30T14:05:07.365389 - logTest.c:27 - logging info
*** Stdout logging verbosity level is : 3
logTest - log - 2011-05-30T14:05:07.365396 - logTest.c:26 - logging warning
logTest - log - 2011-05-30T14:05:07.365403 - logTest.c:27 - logging info
logTest - log - 2011-05-30T14:05:07.365410 - logTest.c:28 - logging test
*** Stdout logging verbosity level is : 4
logTest - log - 2011-05-30T14:05:07.365417 - logTest.c:26 - logging warning
logTest - log - 2011-05-30T14:05:07.365424 - logTest.c:27 - logging info
logTest - log - 2011-05-30T14:05:07.365431 - logTest.c:28 - logging test
logTest - log - 2011-05-30T14:05:07.365438 - logTest.c:29 - logging debug
*** Stdout logging verbosity level is : 5
logTest - log - 2011-05-30T14:05:07.365445 - logTest.c:26 - logging warning
logTest - log - 2011-05-30T14:05:07.365452 - logTest.c:27 - logging info
logTest - log - 2011-05-30T14:05:07.365459 - logTest.c:28 - logging test
logTest - log - 2011-05-30T14:05:07.365465 - logTest.c:29 - logging debug
logTest - log - 2011-05-30T14:05:07.365472 - logTest.c:30 - logging trace
logTest - log - 2011-05-30T14:05:07.365479 - logTest.c:110 - EXIT_FUNC test1
ttttttttttttttttttttttttttttttttttttttttttttttttttttttttttttttt
Accept log messages from 'mcs' module only 
ttttttttttttttttttttttttttttttttttttttttttttttttttttttttttttttt
ttttttttttttttttttttttttttttttttttttttttttttttttttttttttttttttt
File logging switched OFF
Stdout logging switched ON
ttttttttttttttttttttttttttttttttttttttttttttttttttttttttttttttt
###############################################################
Testing File Logging
###############################################################
*** File logging verbosity level is : 0
*** File logging verbosity level is : 1
*** File logging verbosity level is : 2
*** File logging verbosity level is : 3
*** File logging verbosity level is : 4
*** File logging verbosity level is : 5
###############################################################
Testing Stdout Logging
###############################################################
*** Stdout logging verbosity level is : 0
*** Stdout logging verbosity level is : 1
*** Stdout logging verbosity level is : 2
*** Stdout logging verbosity level is : 3
*** Stdout logging verbosity level is : 4
*** Stdout logging verbosity level is : 5
ttttttttttttttttttttttttttttttttttttttttttttttttttttttttttttttt
Clear list of allowed modules. All modules can log messages!!
ttttttttttttttttttttttttttttttttttttttttttttttttttttttttttttttt
logTest - log - 2011-05-30T14:05:07.365519 - logTest.c:79 - ENTER_FUNC test1
ttttttttttttttttttttttttttttttttttttttttttttttttttttttttttttttt
File logging switched OFF
Stdout logging switched ON
ttttttttttttttttttttttttttttttttttttttttttttttttttttttttttttttt
###############################################################
Testing File Logging
###############################################################
*** File logging verbosity level is : 0
*** File logging verbosity level is : 1
*** File logging verbosity level is : 2
*** File logging verbosity level is : 3
*** File logging verbosity level is : 4
*** File logging verbosity level is : 5
###############################################################
Testing Stdout Logging
###############################################################
*** Stdout logging verbosity level is : 0
*** Stdout logging verbosity level is : 1
logTest - log - 2011-05-30T14:05:07.365528 - logTest.c:26 - logging warning
*** Stdout logging verbosity level is : 2
logTest - log - 2011-05-30T14:05:07.365540 - logTest.c:26 - logging warning
logTest - log - 2011-05-30T14:05:07.365548 - logTest.c:27 - logging info
*** Stdout logging verbosity level is : 3
logTest - log - 2011-05-30T14:05:07.365555 - logTest.c:26 - logging warning
logTest - log - 2011-05-30T14:05:07.365562 - logTest.c:27 - logging info
logTest - log - 2011-05-30T14:05:07.365569 - logTest.c:28 - logging test
*** Stdout logging verbosity level is : 4
logTest - log - 2011-05-30T14:05:07.365576 - logTest.c:26 - logging warning
logTest - log - 2011-05-30T14:05:07.365583 - logTest.c:27 - logging info
logTest - log - 2011-05-30T14:05:07.365590 - logTest.c:28 - logging test
logTest - log - 2011-05-30T14:05:07.365597 - logTest.c:29 - logging debug
*** Stdout logging verbosity level is : 5
logTest - log - 2011-05-30T14:05:07.365604 - logTest.c:26 - logging warning
logTest - log - 2011-05-30T14:05:07.365611 - logTest.c:27 - logging info
logTest - log - 2011-05-30T14:05:07.365618 - logTest.c:28 - logging test
logTest - log - 2011-05-30T14:05:07.365625 - logTest.c:29 - logging debug
logTest - log - 2011-05-30T14:05:07.365632 - logTest.c:30 - logging trace
logTest - log - 2011-05-30T14:05:07.365639 - logTest.c:110 - EXIT_FUNC test1
logTest - log - 2011-05-30T14:05:07.365646 - logTest.c:116 - ENTER_FUNC testNoFileLineOrDate
logTest - log - 2011-05-30T14:05:07.365653 - FileLine must not appear (FileLine mode is 'OFF')
logTest - log - 2011-05-30T14:05:07.365659 - logTest.c:122 - FileLine must appear (FileLine mode is 'ON')
logTest - log - logTest.c:125 - Date must not appear (Date mode is 'OFF')
logTest - log - 2011-05-30T14:05:07.365673 - logTest.c:128 - Date must appear (Date mode is 'ON')
logTest - log - 2011-05-30T14:05:07.365680 - logTest.c:130 - EXIT_FUNC testNoFileLineOrDate
