+--------------------+--------------------+-------------+
|   ENVIRONMENT NAME |          HOST NAME | PORT NUMBER |
+--------------------+--------------------+-------------+
|               NULL | jmmc.obs.ujf-grenoble.fr |        1991 |
|            default | jmmc.obs.ujf-grenoble.fr |        1991 |
+--------------------+--------------------+-------------+
